<HASH_REMOVED>	{"query": "690", "system": "s1", "id1": "FT944-12903", "id2": "LA110789-0114", "upper_rank": 2, "rankdiff": 1, "upper_score": 9.0, "scorediff": 1.0}
<HASH_REMOVED>	{"query": "690", "system": "s1", "id1": "FT944-12903", "id2": "FT931-16546", "upper_rank": 3, "rankdiff": 2, "upper_score": 8.0, "scorediff": 2.0}
<HASH_REMOVED>	{"query": "690", "system": "s1", "id1": "LA110789-0114", "id2": "FT931-16546", "upper_rank": 3, "rankdiff": 1, "upper_score": 8.0, "scorediff": 1.0}