[{"query": 301, "q0": "Q0", "docid": "FBIS4-39330", "rank": 1, "score": 10, "system": "Anserini-shuffle"}, {"query": 301, "q0": "Q0", "docid": "FBIS4-7811", "rank": 2, "score": 9, "system": "Anserini-shuffle"}, {"query": 301, "q0": "Q0", "docid": "FBIS3-24145", "rank": 3, "score": 8, "system": "Anserini-shuffle"}, {"query": 301, "q0": "Q0", "docid": "FBIS4-16951", "rank": 4, "score": 7, "system": "Anserini-shuffle"}, {"query": 301, "q0": "Q0", "docid": "FBIS4-40260", "rank": 5, "score": 6, "system": "Anserini-shuffle"}, {"query": 301, "q0": "Q0", "docid": "FBIS4-46734", "rank": 6, "score": 5, "system": "Anserini-shuffle"}, {"query": 301, "q0": "Q0", "docid": "FBIS3-23986", "rank": 7, "score": 4, "system": "Anserini-shuffle"}, {"query": 301, "q0": "Q0", "docid": "CR93E-9750", "rank": 8, "score": 3, "system": "Anserini-shuffle"}, {"query": 301, "q0": "Q0", "docid": "FBIS3-37418", "rank": 9, "score": 2, "system": "Anserini-shuffle"}, {"query": 301, "q0": "Q0", "docid": "FBIS4-41991", "rank": 10, "score": 1, "system": "Anserini-shuffle"}]