[{"query": 301, "q0": "Q0", "docid": "CR93E-9750", "rank": 1, "score": 13.0317, "system": "Anserini"}, {"query": 301, "q0": "Q0", "docid": "FBIS4-40260", "rank": 2, "score": 12.8497, "system": "Anserini"}, {"query": 301, "q0": "Q0", "docid": "FBIS4-46734", "rank": 3, "score": 12.8409, "system": "Anserini"}, {"query": 301, "q0": "Q0", "docid": "FBIS3-24145", "rank": 4, "score": 12.8316, "system": "Anserini"}, {"query": 301, "q0": "Q0", "docid": "FBIS4-39330", "rank": 5, "score": 12.7942, "system": "Anserini"}, {"query": 301, "q0": "Q0", "docid": "FBIS4-7811", "rank": 6, "score": 12.7615, "system": "Anserini"}, {"query": 301, "q0": "Q0", "docid": "FBIS3-23986", "rank": 7, "score": 12.7293, "system": "Anserini"}, {"query": 301, "q0": "Q0", "docid": "FBIS3-37418", "rank": 8, "score": 12.6544, "system": "Anserini"}, {"query": 301, "q0": "Q0", "docid": "FBIS4-41991", "rank": 9, "score": 12.651, "system": "Anserini"}, {"query": 301, "q0": "Q0", "docid": "FBIS4-16951", "rank": 10, "score": 12.4652, "system": "Anserini"}]
